gpasm-0.13.4 beta               loop.asm    6-24-2008  22:20:38          PAGE  1


LOC  OBJECT CODE     LINE SOURCE TEXT
  VALUE
 
               00001 ;--------------------------------------------------------
               00002 ; File Created by SDCC : FreeWare ANSI-C Compiler
               00003 ; Version 2.6.0 #4309 (Sep 23 2007)
               00004 ; This file generated Tue Jun 24 22:20:38 2008
               00005 ;--------------------------------------------------------
               00006 ; PIC16 port for the Microchip 16-bit core micros
               00007 ;--------------------------------------------------------
               00008         list    p=18f1320
               00009 
               00010         radix dec
               00011 
               00012 ;--------------------------------------------------------
               00013 ; public variables in this module
               00014 ;--------------------------------------------------------
               00015         global _main_loop
               00016 
               00017 ;--------------------------------------------------------
               00018 ; extern variables in this module
               00019 ;--------------------------------------------------------
               00020         extern _PORTAbits
               00021         extern _PORTBbits
               00022         extern _LATAbits
               00023         extern _LATBbits
               00024         extern _TRISAbits
               00025         extern _TRISBbits
               00026         extern _PIE1bits
               00027         extern _PIR1bits
               00028         extern _IPR1bits
               00029         extern _PIE2bits
               00030         extern _PIR2bits
               00031         extern _IPR2bits
               00032         extern _EECON1bits
               00033         extern _RCSTAbits
               00034         extern _TXSTAbits
               00035         extern _T3CONbits
               00036         extern _ECCPASbits
               00037         extern _CCP1CONbits
               00038         extern _ADCON2bits
               00039         extern _ADCON1bits
               00040         extern _ADCON0bits
               00041         extern _T2CONbits
               00042         extern _T1CONbits
               00043         extern _RCONbits
               00044         extern _WDTCONbits
               00045         extern _LVDCONbits
               00046         extern _OSCCONbits
               00047         extern _STATUSbits
               00048         extern _INTCON3bits
               00049         extern _INTCON2bits
               00050         extern _INTCONbits
               00051         extern _STKPTRbits
               00052         extern _dot1
               00053         extern _PORTA
               00054         extern _PORTB
gpasm-0.13.4 beta               loop.asm    6-24-2008  22:20:38          PAGE  2


LOC  OBJECT CODE     LINE SOURCE TEXT
  VALUE
 
               00055         extern _LATA
               00056         extern _LATB
               00057         extern _TRISA
               00058         extern _TRISB
               00059         extern _PIE1
               00060         extern _PIR1
               00061         extern _IPR1
               00062         extern _PIE2
               00063         extern _PIR2
               00064         extern _IPR2
               00065         extern _EECON1
               00066         extern _EECON2
               00067         extern _EEDATA
               00068         extern _EEADR
               00069         extern _BAUDCTL
               00070         extern _RCSTA
               00071         extern _TXSTA
               00072         extern _TXREG
               00073         extern _RCREG
               00074         extern _SPBRG
               00075         extern _SPBRGH
               00076         extern _T3CON
               00077         extern _TMR3L
               00078         extern _TMR3H
               00079         extern _ECCPAS
               00080         extern _CCP1CON
               00081         extern _CCPR1L
               00082         extern _CCPR1H
               00083         extern _ADCON2
               00084         extern _ADCON1
               00085         extern _ADCON0
               00086         extern _ADRESL
               00087         extern _ADRESH
               00088         extern _T2CON
               00089         extern _PR2
               00090         extern _TMR2
               00091         extern _T1CON
               00092         extern _TMR1L
               00093         extern _TMR1H
               00094         extern _RCON
               00095         extern _WDTCON
               00096         extern _LVDCON
               00097         extern _OSCCON
               00098         extern _T0CON
               00099         extern _TMR0L
               00100         extern _TMR0H
               00101         extern _STATUS
               00102         extern _FSR2L
               00103         extern _FSR2H
               00104         extern _PLUSW2
               00105         extern _PREINC2
               00106         extern _POSTDEC2
               00107         extern _POSTINC2
               00108         extern _INDF2
gpasm-0.13.4 beta               loop.asm    6-24-2008  22:20:38          PAGE  3


LOC  OBJECT CODE     LINE SOURCE TEXT
  VALUE
 
               00109         extern _BSR
               00110         extern _FSR1L
               00111         extern _FSR1H
               00112         extern _PLUSW1
               00113         extern _PREINC1
               00114         extern _POSTDEC1
               00115         extern _POSTINC1
               00116         extern _INDF1
               00117         extern _WREG
               00118         extern _FSR0L
               00119         extern _FSR0H
               00120         extern _PLUSW0
               00121         extern _PREINC0
               00122         extern _POSTDEC0
               00123         extern _POSTINC0
               00124         extern _INDF0
               00125         extern _INTCON3
               00126         extern _INTCON2
               00127         extern _INTCON
               00128         extern _PRODL
               00129         extern _PRODH
               00130         extern _TABLAT
               00131         extern _TBLPTRL
               00132         extern _TBLPTRH
               00133         extern _TBLPTRU
               00134         extern _PCL
               00135         extern _PCLATH
               00136         extern _PCLATU
               00137         extern _STKPTR
               00138         extern _TOSL
               00139         extern _TOSH
               00140         extern _TOSU
               00141 ;--------------------------------------------------------
               00142 ;       Equates to used internal registers
               00143 ;--------------------------------------------------------
  00000FE1     00144 FSR1L   equ     0xfe1
  00000FD9     00145 FSR2L   equ     0xfd9
  00000FE5     00146 POSTDEC1        equ     0xfe5
  00000FE4     00147 PREINC1 equ     0xfe4
               00148 
               00149 ;--------------------------------------------------------
               00150 ; global & static initialisations
               00151 ;--------------------------------------------------------
               00152 ; I code from now on!
               00153 ; ; Starting pCode block
               00154 S_loop__main_loop       code
0000           00155 _main_loop:
0000           00156 _00106_DS_:
               00157 ;       .line   25; loop.c      while (1){
0000 D000      00158         BRA     _00106_DS_
0002 0012      00159         RETURN  
               00160 
               00161 
               00162 
gpasm-0.13.4 beta               loop.asm    6-24-2008  22:20:38          PAGE  4


LOC  OBJECT CODE     LINE SOURCE TEXT
  VALUE
 
               00163 ; Statistics:
               00164 ; code size:        4 (0x0004) bytes ( 0.00%)
               00165 ;                   2 (0x0002) words
               00166 ; udata size:       0 (0x0000) bytes ( 0.00%)
               00167 ; access size:      0 (0x0000) bytes
               00168 
               00169 
gpasm-0.13.4 beta               loop.asm    6-24-2008  22:20:38          PAGE  5


SYMBOL TABLE
  LABEL                             VALUE 

FSR1L                             00000FE1
FSR2L                             00000FD9
POSTDEC1                          00000FE5
PREINC1                           00000FE4
_00106_DS_                        00000000
_ADCON0                           00000000
_ADCON0bits                       00000000
_ADCON1                           00000000
_ADCON1bits                       00000000
_ADCON2                           00000000
_ADCON2bits                       00000000
_ADRESH                           00000000
_ADRESL                           00000000
_BAUDCTL                          00000000
_BSR                              00000000
_CCP1CON                          00000000
_CCP1CONbits                      00000000
_CCPR1H                           00000000
_CCPR1L                           00000000
_ECCPAS                           00000000
_ECCPASbits                       00000000
_EEADR                            00000000
_EECON1                           00000000
_EECON1bits                       00000000
_EECON2                           00000000
_EEDATA                           00000000
_FSR0H                            00000000
_FSR0L                            00000000
_FSR1H                            00000000
_FSR1L                            00000000
_FSR2H                            00000000
_FSR2L                            00000000
_INDF0                            00000000
_INDF1                            00000000
_INDF2                            00000000
_INTCON                           00000000
_INTCON2                          00000000
_INTCON2bits                      00000000
_INTCON3                          00000000
_INTCON3bits                      00000000
_INTCONbits                       00000000
_IPR1                             00000000
_IPR1bits                         00000000
_IPR2                             00000000
_IPR2bits                         00000000
_LATA                             00000000
_LATAbits                         00000000
_LATB                             00000000
_LATBbits                         00000000
_LVDCON                           00000000
_LVDCONbits                       00000000
_OSCCON                           00000000
_OSCCONbits                       00000000
gpasm-0.13.4 beta               loop.asm    6-24-2008  22:20:38          PAGE  6


LOC  OBJECT CODE     LINE SOURCE TEXT
  VALUE
 
_PCL                              00000000
_PCLATH                           00000000
_PCLATU                           00000000
_PIE1                             00000000
_PIE1bits                         00000000
_PIE2                             00000000
_PIE2bits                         00000000
_PIR1                             00000000
_PIR1bits                         00000000
_PIR2                             00000000
_PIR2bits                         00000000
_PLUSW0                           00000000
_PLUSW1                           00000000
_PLUSW2                           00000000
_PORTA                            00000000
_PORTAbits                        00000000
_PORTB                            00000000
_PORTBbits                        00000000
_POSTDEC0                         00000000
_POSTDEC1                         00000000
_POSTDEC2                         00000000
_POSTINC0                         00000000
_POSTINC1                         00000000
_POSTINC2                         00000000
_PR2                              00000000
_PREINC0                          00000000
_PREINC1                          00000000
_PREINC2                          00000000
_PRODH                            00000000
_PRODL                            00000000
_RCON                             00000000
_RCONbits                         00000000
_RCREG                            00000000
_RCSTA                            00000000
_RCSTAbits                        00000000
_SPBRG                            00000000
_SPBRGH                           00000000
_STATUS                           00000000
_STATUSbits                       00000000
_STKPTR                           00000000
_STKPTRbits                       00000000
_T0CON                            00000000
_T1CON                            00000000
_T1CONbits                        00000000
_T2CON                            00000000
_T2CONbits                        00000000
_T3CON                            00000000
_T3CONbits                        00000000
_TABLAT                           00000000
_TBLPTRH                          00000000
_TBLPTRL                          00000000
_TBLPTRU                          00000000
_TMR0H                            00000000
_TMR0L                            00000000
gpasm-0.13.4 beta               loop.asm    6-24-2008  22:20:38          PAGE  7


LOC  OBJECT CODE     LINE SOURCE TEXT
  VALUE
 
_TMR1H                            00000000
_TMR1L                            00000000
_TMR2                             00000000
_TMR3H                            00000000
_TMR3L                            00000000
_TOSH                             00000000
_TOSL                             00000000
_TOSU                             00000000
_TRISA                            00000000
_TRISAbits                        00000000
_TRISB                            00000000
_TRISBbits                        00000000
_TXREG                            00000000
_TXSTA                            00000000
_TXSTAbits                        00000000
_WDTCON                           00000000
_WDTCONbits                       00000000
_WREG                             00000000
__18F1320                         00000001
_dot1                             00000000
_main_loop                        00000000


Errors   :       0
Warnings :       0 reported,       0 suppressed
Messages :       0 reported,       0 suppressed

