gpasm-0.13.4 beta               main.asm    6-24-2008  22:20:39          PAGE  1


LOC  OBJECT CODE     LINE SOURCE TEXT
  VALUE
 
               00001 ;--------------------------------------------------------
               00002 ; File Created by SDCC : FreeWare ANSI-C Compiler
               00003 ; Version 2.6.0 #4309 (Sep 23 2007)
               00004 ; This file generated Tue Jun 24 22:20:39 2008
               00005 ;--------------------------------------------------------
               00006 ; PIC16 port for the Microchip 16-bit core micros
               00007 ;--------------------------------------------------------
               00008         list    p=18f1320
300000 0000    00009         __config 0x300001, 0xf8
               00010         __config 0x300002, 0xf2
300002 0000    00011         __config 0x300003, 0xfe
300004 0000    00012         __config 0x300005, 0xff
300006 0000    00013         __config 0x300006, 0xfa
               00014         __config 0x300008, 0xff
300008 0000    00015         __config 0x300009, 0xff
               00016         __config 0x30000a, 0xff
30000A 0000    00017         __config 0x30000b, 0xff
               00018         __config 0x30000c, 0xff
30000C 0000    00019         __config 0x30000d, 0xff
               00020 
               00021         radix dec
               00022 
               00023 ;--------------------------------------------------------
               00024 ; public variables in this module
               00025 ;--------------------------------------------------------
               00026         global _stack
               00027         global _stack_end
               00028         global ___ivt_high_int
               00029         global _high_int
               00030         global __tmr0_handler
               00031         global _main
               00032 
               00033 ;--------------------------------------------------------
               00034 ; extern variables in this module
               00035 ;--------------------------------------------------------
               00036         extern _PORTAbits
               00037         extern _PORTBbits
               00038         extern _LATAbits
               00039         extern _LATBbits
               00040         extern _TRISAbits
               00041         extern _TRISBbits
               00042         extern _PIE1bits
               00043         extern _PIR1bits
               00044         extern _IPR1bits
               00045         extern _PIE2bits
               00046         extern _PIR2bits
               00047         extern _IPR2bits
               00048         extern _EECON1bits
               00049         extern _RCSTAbits
               00050         extern _TXSTAbits
               00051         extern _T3CONbits
               00052         extern _ECCPASbits
               00053         extern _CCP1CONbits
               00054         extern _ADCON2bits
gpasm-0.13.4 beta               main.asm    6-24-2008  22:20:39          PAGE  2


LOC  OBJECT CODE     LINE SOURCE TEXT
  VALUE
 
               00055         extern _ADCON1bits
               00056         extern _ADCON0bits
               00057         extern _T2CONbits
               00058         extern _T1CONbits
               00059         extern _RCONbits
               00060         extern _WDTCONbits
               00061         extern _LVDCONbits
               00062         extern _OSCCONbits
               00063         extern _STATUSbits
               00064         extern _INTCON3bits
               00065         extern _INTCON2bits
               00066         extern _INTCONbits
               00067         extern _STKPTRbits
               00068         extern _time_tics
               00069         extern _time_secs
               00070         extern _time_mins
               00071         extern _time_hours
               00072         extern _eeprom_data
               00073         extern _PORTA
               00074         extern _PORTB
               00075         extern _LATA
               00076         extern _LATB
               00077         extern _TRISA
               00078         extern _TRISB
               00079         extern _PIE1
               00080         extern _PIR1
               00081         extern _IPR1
               00082         extern _PIE2
               00083         extern _PIR2
               00084         extern _IPR2
               00085         extern _EECON1
               00086         extern _EECON2
               00087         extern _EEDATA
               00088         extern _EEADR
               00089         extern _BAUDCTL
               00090         extern _RCSTA
               00091         extern _TXSTA
               00092         extern _TXREG
               00093         extern _RCREG
               00094         extern _SPBRG
               00095         extern _SPBRGH
               00096         extern _T3CON
               00097         extern _TMR3L
               00098         extern _TMR3H
               00099         extern _ECCPAS
               00100         extern _CCP1CON
               00101         extern _CCPR1L
               00102         extern _CCPR1H
               00103         extern _ADCON2
               00104         extern _ADCON1
               00105         extern _ADCON0
               00106         extern _ADRESL
               00107         extern _ADRESH
               00108         extern _T2CON
gpasm-0.13.4 beta               main.asm    6-24-2008  22:20:39          PAGE  3


LOC  OBJECT CODE     LINE SOURCE TEXT
  VALUE
 
               00109         extern _PR2
               00110         extern _TMR2
               00111         extern _T1CON
               00112         extern _TMR1L
               00113         extern _TMR1H
               00114         extern _RCON
               00115         extern _WDTCON
               00116         extern _LVDCON
               00117         extern _OSCCON
               00118         extern _T0CON
               00119         extern _TMR0L
               00120         extern _TMR0H
               00121         extern _STATUS
               00122         extern _FSR2L
               00123         extern _FSR2H
               00124         extern _PLUSW2
               00125         extern _PREINC2
               00126         extern _POSTDEC2
               00127         extern _POSTINC2
               00128         extern _INDF2
               00129         extern _BSR
               00130         extern _FSR1L
               00131         extern _FSR1H
               00132         extern _PLUSW1
               00133         extern _PREINC1
               00134         extern _POSTDEC1
               00135         extern _POSTINC1
               00136         extern _INDF1
               00137         extern _WREG
               00138         extern _FSR0L
               00139         extern _FSR0H
               00140         extern _PLUSW0
               00141         extern _PREINC0
               00142         extern _POSTDEC0
               00143         extern _POSTINC0
               00144         extern _INDF0
               00145         extern _INTCON3
               00146         extern _INTCON2
               00147         extern _INTCON
               00148         extern _PRODL
               00149         extern _PRODH
               00150         extern _TABLAT
               00151         extern _TBLPTRL
               00152         extern _TBLPTRH
               00153         extern _TBLPTRU
               00154         extern _PCL
               00155         extern _PCLATH
               00156         extern _PCLATU
               00157         extern _STKPTR
               00158         extern _TOSL
               00159         extern _TOSH
               00160         extern _TOSU
               00161         extern _main_loop
               00162         extern _init_time
gpasm-0.13.4 beta               main.asm    6-24-2008  22:20:39          PAGE  4


LOC  OBJECT CODE     LINE SOURCE TEXT
  VALUE
 
               00163         extern _do_time
               00164         extern _init_user
               00165         extern _do_user
               00166         extern _init_eeprom
               00167         extern _save_eeprom_if_needed
               00168 ;--------------------------------------------------------
               00169 ;       Equates to used internal registers
               00170 ;--------------------------------------------------------
  00000FD8     00171 STATUS  equ     0xfd8
  00000FFA     00172 PCLATH  equ     0xffa
  00000FFB     00173 PCLATU  equ     0xffb
  00000FE8     00174 WREG    equ     0xfe8
  00000FE0     00175 BSR     equ     0xfe0
  00000FE9     00176 FSR0L   equ     0xfe9
  00000FEA     00177 FSR0H   equ     0xfea
  00000FE1     00178 FSR1L   equ     0xfe1
  00000FD9     00179 FSR2L   equ     0xfd9
  00000FE5     00180 POSTDEC1        equ     0xfe5
  00000FE4     00181 PREINC1 equ     0xfe4
  00000FF3     00182 PRODL   equ     0xff3
  00000FF4     00183 PRODH   equ     0xff4
               00184 
               00185 
               00186 ustat_main_00   udata   0X0080
               00187 _stack  res     63
               00188 _stack_end      res     1
               00189 
               00190 ;--------------------------------------------------------
               00191 ; interrupt vector 
               00192 ;--------------------------------------------------------
               00193 
               00194 ;--------------------------------------------------------
               00195 ; global & static initialisations
               00196 ;--------------------------------------------------------
               00197 ; ; Starting pCode block
               00198 S_main____ivt_high_int  code    0X000008
0008           00199 ___ivt_high_int:
               00200         
0008 EF00 F000 00201         goto _high_int 
               00202         
               00203 ; ; Starting pCode block
               00204 S_main__high_int        code
0000           00205 _high_int:
0000 B400      00206         btfsc _INTCON, 2 
0002 EF00 F000 00207         goto __tmr0_handler
0006 0010      00208         retfie 
               00209         
               00210 ; ; Starting pCode block
               00211 S_main___tmr0_handler   code
0000           00212 __tmr0_handler:
               00213 ;       .line   53; main.c      SIGHANDLER(_tmr0_handler)
0000 CFE8 FFE5 00214         MOVFF   WREG, POSTDEC1
0004 CFD8 FFE5 00215         MOVFF   STATUS, POSTDEC1
0008 CFE0 FFE5 00216         MOVFF   BSR, POSTDEC1
gpasm-0.13.4 beta               main.asm    6-24-2008  22:20:39          PAGE  5


LOC  OBJECT CODE     LINE SOURCE TEXT
  VALUE
 
000C CFF3 FFE5 00217         MOVFF   PRODL, POSTDEC1
0010 CFF4 FFE5 00218         MOVFF   PRODH, POSTDEC1
0014 CFE9 FFE5 00219         MOVFF   FSR0L, POSTDEC1
0018 CFEA FFE5 00220         MOVFF   FSR0H, POSTDEC1
001C CFFA FFE5 00221         MOVFF   PCLATH, POSTDEC1
0020 CFFB FFE5 00222         MOVFF   PCLATU, POSTDEC1
               00223 ;       .line   56; main.c      do_time();
0024 EC00 F000 00224         CALL    _do_time
               00225 ;       .line   57; main.c      do_user();
0028 EC00 F000 00226         CALL    _do_user
               00227 ;       .line   59; main.c      save_eeprom_if_needed();
002C EC00 F000 00228         CALL    _save_eeprom_if_needed
               00229 ;       .line   62; main.c      INTCONbits.T0IF = 0;
0030 9400      00230         BCF     _INTCONbits, 2
0032 CFE4 FFFB 00231         MOVFF   PREINC1, PCLATU
0036 CFE4 FFFA 00232         MOVFF   PREINC1, PCLATH
003A CFE4 FFEA 00233         MOVFF   PREINC1, FSR0H
003E CFE4 FFE9 00234         MOVFF   PREINC1, FSR0L
0042 CFE4 FFF4 00235         MOVFF   PREINC1, PRODH
0046 CFE4 FFF3 00236         MOVFF   PREINC1, PRODL
004A CFE4 FFE0 00237         MOVFF   PREINC1, BSR
004E CFE4 FFD8 00238         MOVFF   PREINC1, STATUS
0052 CFE4 FFE8 00239         MOVFF   PREINC1, WREG
0056 0010      00240         RETFIE  
               00241 
               00242 ; I code from now on!
               00243 ; ; Starting pCode block
               00244 S_main__main    code
0000           00245 _main:
               00246 ;       .line   67; main.c      OSCCON = b(01000000);
0000 0E40      00247         MOVLW   0x40
0002 6E00      00248         MOVWF   _OSCCON
               00249 ;       .line   74; main.c      TRISA = 0x00;
0004 6A00      00250         CLRF    _TRISA
               00251 ;       .line   75; main.c      TRISB = 0x00;
0006 6A00      00252         CLRF    _TRISB
               00253 ;       .line   78; main.c      ADCON1 = 0x7F;
0008 0E7F      00254         MOVLW   0x7f
000A 6E00      00255         MOVWF   _ADCON1
               00256 ;       .line   81; main.c      init_eeprom();
000C EC00 F000 00257         CALL    _init_eeprom
               00258 ;       .line   82; main.c      init_time();
0010 EC00 F000 00259         CALL    _init_time
               00260 ;       .line   83; main.c      init_user();
0014 EC00 F000 00261         CALL    _init_user
               00262 ;       .line   86; main.c      init_eeprom();
0018 EC00 F000 00263         CALL    _init_eeprom
               00264 ;       .line   87; main.c      init_time();
001C EC00 F000 00265         CALL    _init_time
               00266 ;       .line   88; main.c      init_user();
0020 EC00 F000 00267         CALL    _init_user
               00268 ;       .line   91; main.c      INTCONbits.T0IF = 0;
0024 9400      00269         BCF     _INTCONbits, 2
               00270 ;       .line   92; main.c      INTCONbits.T0IE = 1;
gpasm-0.13.4 beta               main.asm    6-24-2008  22:20:39          PAGE  6


LOC  OBJECT CODE     LINE SOURCE TEXT
  VALUE
 
0026 8A00      00271         BSF     _INTCONbits, 5
               00272 ;       .line   93; main.c      INTCONbits.GIE = 1;
0028 8E00      00273         BSF     _INTCONbits, 7
               00274 ;       .line   94; main.c      T0CON = b(11100000); 
002A 0EE0      00275         MOVLW   0xe0
002C 6E00      00276         MOVWF   _T0CON
               00277 ;       .line   97; main.c      main_loop();
002E EC00 F000 00278         CALL    _main_loop
0032 0012      00279         RETURN  
               00280 
               00281 
               00282 
               00283 ; Statistics:
               00284 ; code size:      154 (0x009a) bytes ( 0.12%)
               00285 ;                  77 (0x004d) words
               00286 ; udata size:      64 (0x0040) bytes (100.00%)
               00287 ; access size:      0 (0x0000) bytes
               00288 
               00289 
gpasm-0.13.4 beta               main.asm    6-24-2008  22:20:39          PAGE  7


SYMBOL TABLE
  LABEL                             VALUE 

BSR                               00000FE0
FSR0H                             00000FEA
FSR0L                             00000FE9
FSR1L                             00000FE1
FSR2L                             00000FD9
PCLATH                            00000FFA
PCLATU                            00000FFB
POSTDEC1                          00000FE5
PREINC1                           00000FE4
PRODH                             00000FF4
PRODL                             00000FF3
STATUS                            00000FD8
WREG                              00000FE8
_ADCON0                           00000000
_ADCON0bits                       00000000
_ADCON1                           00000000
_ADCON1bits                       00000000
_ADCON2                           00000000
_ADCON2bits                       00000000
_ADRESH                           00000000
_ADRESL                           00000000
_BAUDCTL                          00000000
_BSR                              00000000
_CCP1CON                          00000000
_CCP1CONbits                      00000000
_CCPR1H                           00000000
_CCPR1L                           00000000
_ECCPAS                           00000000
_ECCPASbits                       00000000
_EEADR                            00000000
_EECON1                           00000000
_EECON1bits                       00000000
_EECON2                           00000000
_EEDATA                           00000000
_FSR0H                            00000000
_FSR0L                            00000000
_FSR1H                            00000000
_FSR1L                            00000000
_FSR2H                            00000000
_FSR2L                            00000000
_INDF0                            00000000
_INDF1                            00000000
_INDF2                            00000000
_INTCON                           00000000
_INTCON2                          00000000
_INTCON2bits                      00000000
_INTCON3                          00000000
_INTCON3bits                      00000000
_INTCONbits                       00000000
_IPR1                             00000000
_IPR1bits                         00000000
_IPR2                             00000000
_IPR2bits                         00000000
gpasm-0.13.4 beta               main.asm    6-24-2008  22:20:39          PAGE  8


LOC  OBJECT CODE     LINE SOURCE TEXT
  VALUE
 
_LATA                             00000000
_LATAbits                         00000000
_LATB                             00000000
_LATBbits                         00000000
_LVDCON                           00000000
_LVDCONbits                       00000000
_OSCCON                           00000000
_OSCCONbits                       00000000
_PCL                              00000000
_PCLATH                           00000000
_PCLATU                           00000000
_PIE1                             00000000
_PIE1bits                         00000000
_PIE2                             00000000
_PIE2bits                         00000000
_PIR1                             00000000
_PIR1bits                         00000000
_PIR2                             00000000
_PIR2bits                         00000000
_PLUSW0                           00000000
_PLUSW1                           00000000
_PLUSW2                           00000000
_PORTA                            00000000
_PORTAbits                        00000000
_PORTB                            00000000
_PORTBbits                        00000000
_POSTDEC0                         00000000
_POSTDEC1                         00000000
_POSTDEC2                         00000000
_POSTINC0                         00000000
_POSTINC1                         00000000
_POSTINC2                         00000000
_PR2                              00000000
_PREINC0                          00000000
_PREINC1                          00000000
_PREINC2                          00000000
_PRODH                            00000000
_PRODL                            00000000
_RCON                             00000000
_RCONbits                         00000000
_RCREG                            00000000
_RCSTA                            00000000
_RCSTAbits                        00000000
_SPBRG                            00000000
_SPBRGH                           00000000
_STATUS                           00000000
_STATUSbits                       00000000
_STKPTR                           00000000
_STKPTRbits                       00000000
_T0CON                            00000000
_T1CON                            00000000
_T1CONbits                        00000000
_T2CON                            00000000
_T2CONbits                        00000000
gpasm-0.13.4 beta               main.asm    6-24-2008  22:20:39          PAGE  9


LOC  OBJECT CODE     LINE SOURCE TEXT
  VALUE
 
_T3CON                            00000000
_T3CONbits                        00000000
_TABLAT                           00000000
_TBLPTRH                          00000000
_TBLPTRL                          00000000
_TBLPTRU                          00000000
_TMR0H                            00000000
_TMR0L                            00000000
_TMR1H                            00000000
_TMR1L                            00000000
_TMR2                             00000000
_TMR3H                            00000000
_TMR3L                            00000000
_TOSH                             00000000
_TOSL                             00000000
_TOSU                             00000000
_TRISA                            00000000
_TRISAbits                        00000000
_TRISB                            00000000
_TRISBbits                        00000000
_TXREG                            00000000
_TXSTA                            00000000
_TXSTAbits                        00000000
_WDTCON                           00000000
_WDTCONbits                       00000000
_WREG                             00000000
__18F1320                         00000001
___ivt_high_int                   00000008
__tmr0_handler                    00000000
_do_time                          00000000
_do_user                          00000000
_eeprom_data                      00000000
_high_int                         00000000
_init_eeprom                      00000000
_init_time                        00000000
_init_user                        00000000
_main                             00000000
_main_loop                        00000000
_save_eeprom_if_needed            00000000
_stack                            00000080
_stack_end                        000000BF
_time_hours                       00000000
_time_mins                        00000000
_time_secs                        00000000
_time_tics                        00000000


Errors   :       0
Warnings :       0 reported,       0 suppressed
Messages :       0 reported,       0 suppressed

