gpasm-0.13.4 beta               time.asm    6-24-2008  22:20:39          PAGE  1


LOC  OBJECT CODE     LINE SOURCE TEXT
  VALUE
 
               00001 ;--------------------------------------------------------
               00002 ; File Created by SDCC : FreeWare ANSI-C Compiler
               00003 ; Version 2.6.0 #4309 (Sep 23 2007)
               00004 ; This file generated Tue Jun 24 22:20:39 2008
               00005 ;--------------------------------------------------------
               00006 ; PIC16 port for the Microchip 16-bit core micros
               00007 ;--------------------------------------------------------
               00008         list    p=18f1320
               00009 
               00010         radix dec
               00011 
               00012 ;--------------------------------------------------------
               00013 ; public variables in this module
               00014 ;--------------------------------------------------------
               00015         global _init_time
               00016         global _inc_hours
               00017         global _dec_hours
               00018         global _inc_mins
               00019         global _clear_secs
               00020         global _do_time
               00021         global _time_tics
               00022         global _time_secs
               00023         global _time_mins
               00024         global _time_hours
               00025 
               00026 ;--------------------------------------------------------
               00027 ; extern variables in this module
               00028 ;--------------------------------------------------------
               00029         extern _PORTAbits
               00030         extern _PORTBbits
               00031         extern _LATAbits
               00032         extern _LATBbits
               00033         extern _TRISAbits
               00034         extern _TRISBbits
               00035         extern _PIE1bits
               00036         extern _PIR1bits
               00037         extern _IPR1bits
               00038         extern _PIE2bits
               00039         extern _PIR2bits
               00040         extern _IPR2bits
               00041         extern _EECON1bits
               00042         extern _RCSTAbits
               00043         extern _TXSTAbits
               00044         extern _T3CONbits
               00045         extern _ECCPASbits
               00046         extern _CCP1CONbits
               00047         extern _ADCON2bits
               00048         extern _ADCON1bits
               00049         extern _ADCON0bits
               00050         extern _T2CONbits
               00051         extern _T1CONbits
               00052         extern _RCONbits
               00053         extern _WDTCONbits
               00054         extern _LVDCONbits
gpasm-0.13.4 beta               time.asm    6-24-2008  22:20:39          PAGE  2


LOC  OBJECT CODE     LINE SOURCE TEXT
  VALUE
 
               00055         extern _OSCCONbits
               00056         extern _STATUSbits
               00057         extern _INTCON3bits
               00058         extern _INTCON2bits
               00059         extern _INTCONbits
               00060         extern _STKPTRbits
               00061         extern _eeprom_data
               00062         extern _PORTA
               00063         extern _PORTB
               00064         extern _LATA
               00065         extern _LATB
               00066         extern _TRISA
               00067         extern _TRISB
               00068         extern _PIE1
               00069         extern _PIR1
               00070         extern _IPR1
               00071         extern _PIE2
               00072         extern _PIR2
               00073         extern _IPR2
               00074         extern _EECON1
               00075         extern _EECON2
               00076         extern _EEDATA
               00077         extern _EEADR
               00078         extern _BAUDCTL
               00079         extern _RCSTA
               00080         extern _TXSTA
               00081         extern _TXREG
               00082         extern _RCREG
               00083         extern _SPBRG
               00084         extern _SPBRGH
               00085         extern _T3CON
               00086         extern _TMR3L
               00087         extern _TMR3H
               00088         extern _ECCPAS
               00089         extern _CCP1CON
               00090         extern _CCPR1L
               00091         extern _CCPR1H
               00092         extern _ADCON2
               00093         extern _ADCON1
               00094         extern _ADCON0
               00095         extern _ADRESL
               00096         extern _ADRESH
               00097         extern _T2CON
               00098         extern _PR2
               00099         extern _TMR2
               00100         extern _T1CON
               00101         extern _TMR1L
               00102         extern _TMR1H
               00103         extern _RCON
               00104         extern _WDTCON
               00105         extern _LVDCON
               00106         extern _OSCCON
               00107         extern _T0CON
               00108         extern _TMR0L
gpasm-0.13.4 beta               time.asm    6-24-2008  22:20:39          PAGE  3


LOC  OBJECT CODE     LINE SOURCE TEXT
  VALUE
 
               00109         extern _TMR0H
               00110         extern _STATUS
               00111         extern _FSR2L
               00112         extern _FSR2H
               00113         extern _PLUSW2
               00114         extern _PREINC2
               00115         extern _POSTDEC2
               00116         extern _POSTINC2
               00117         extern _INDF2
               00118         extern _BSR
               00119         extern _FSR1L
               00120         extern _FSR1H
               00121         extern _PLUSW1
               00122         extern _PREINC1
               00123         extern _POSTDEC1
               00124         extern _POSTINC1
               00125         extern _INDF1
               00126         extern _WREG
               00127         extern _FSR0L
               00128         extern _FSR0H
               00129         extern _PLUSW0
               00130         extern _PREINC0
               00131         extern _POSTDEC0
               00132         extern _POSTINC0
               00133         extern _INDF0
               00134         extern _INTCON3
               00135         extern _INTCON2
               00136         extern _INTCON
               00137         extern _PRODL
               00138         extern _PRODH
               00139         extern _TABLAT
               00140         extern _TBLPTRL
               00141         extern _TBLPTRH
               00142         extern _TBLPTRU
               00143         extern _PCL
               00144         extern _PCLATH
               00145         extern _PCLATU
               00146         extern _STKPTR
               00147         extern _TOSL
               00148         extern _TOSH
               00149         extern _TOSU
               00150         extern _delay100ktcy
               00151         extern _init_ds3231
               00152         extern _read_time_from_ds3231
               00153         extern _write_time_to_ds3231
               00154         extern _trigger_save_eeprom
               00155 ;--------------------------------------------------------
               00156 ;       Equates to used internal registers
               00157 ;--------------------------------------------------------
  00000FD8     00158 STATUS  equ     0xfd8
  00000FE1     00159 FSR1L   equ     0xfe1
  00000FD9     00160 FSR2L   equ     0xfd9
  00000FE5     00161 POSTDEC1        equ     0xfe5
  00000FE4     00162 PREINC1 equ     0xfe4
gpasm-0.13.4 beta               time.asm    6-24-2008  22:20:39          PAGE  4


LOC  OBJECT CODE     LINE SOURCE TEXT
  VALUE
 
               00163 
               00164 
               00165 ; Internal registers
               00166 .registers      udata_ovr       0x0000
               00167 r0x00   res     1
               00168 r0x01   res     1
               00169 r0x02   res     1
               00170 r0x03   res     1
               00171 
               00172 udata_time_0    udata
               00173 _time_hours     res     1
               00174 
               00175 udata_time_1    udata
               00176 _time_mins      res     1
               00177 
               00178 udata_time_2    udata
               00179 _time_secs      res     1
               00180 
               00181 udata_time_3    udata
               00182 _time_tics      res     1
               00183 
               00184 ;--------------------------------------------------------
               00185 ; global & static initialisations
               00186 ;--------------------------------------------------------
               00187 ; I code from now on!
               00188 ; ; Starting pCode block
               00189 S_time__do_time code
0000           00190 _do_time:
               00191 ;       .line   73; time.c      void do_time(){
0000 C000 FFE5 00192         MOVFF   r0x00, POSTDEC1
0004 C000 FFE5 00193         MOVFF   r0x01, POSTDEC1
0008 C000 FFE5 00194         MOVFF   r0x02, POSTDEC1
000C C000 FFE5 00195         MOVFF   r0x03, POSTDEC1
0010 0000      00196         BANKSEL _time_tics
               00197 ;       .line   75; time.c      time_tics++;
0012 2B00      00198         INCF    _time_tics, F, B
               00199 ;       .line   77; time.c      if (time_tics == num_time_tics){
0014 5100      00200         MOVF    _time_tics, W, B
0016 0A10      00201         XORLW   0x10
0018 E000      00202         BZ      _00156_DS_
001A D000      00203         BRA     _00146_DS_
001C           00204 _00156_DS_:
001C 0000      00205         BANKSEL _time_tics
               00206 ;       .line   78; time.c      time_tics = 0;
001E 6B00      00207         CLRF    _time_tics, B
0020 0000      00208         BANKSEL _time_secs
               00209 ;       .line   81; time.c      if (!(time_secs % secs_to_real_secs_divider))
0022 5100      00210         MOVF    _time_secs, W, B
0024 0B03      00211         ANDLW   0x03
0026 E100      00212         BNZ     _00132_DS_
               00213 ;       .line   82; time.c      inc_metric_running_time();
0028 C000 F000 00214         MOVFF   _eeprom_data, r0x00
002C C000 F000 00215         MOVFF   (_eeprom_data + 1), r0x01
0030 C000 F000 00216         MOVFF   (_eeprom_data + 2), r0x02
gpasm-0.13.4 beta               time.asm    6-24-2008  22:20:39          PAGE  5


LOC  OBJECT CODE     LINE SOURCE TEXT
  VALUE
 
0034 C000 F000 00217         MOVFF   (_eeprom_data + 3), r0x03
0038 2A00      00218         INCF    r0x00, F
003A B0D8      00219         BTFSC   STATUS, 0
003C 2A00      00220         INCF    r0x01, F
003E B0D8      00221         BTFSC   STATUS, 0
0040 2A00      00222         INCF    r0x02, F
0042 B0D8      00223         BTFSC   STATUS, 0
0044 2A00      00224         INCF    r0x03, F
0046 5000      00225         MOVF    r0x00, W
0048 0000      00226         BANKSEL _eeprom_data
004A 6F00      00227         MOVWF   _eeprom_data, B
004C 5000      00228         MOVF    r0x01, W
               00229 ; removed redundant BANKSEL
004E 6F00      00230         MOVWF   (_eeprom_data + 1), B
0050 5000      00231         MOVF    r0x02, W
               00232 ; removed redundant BANKSEL
0052 6F00      00233         MOVWF   (_eeprom_data + 2), B
0054 5000      00234         MOVF    r0x03, W
               00235 ; removed redundant BANKSEL
0056 6F00      00236         MOVWF   (_eeprom_data + 3), B
0058           00237 _00132_DS_:
0058 0000      00238         BANKSEL _time_secs
               00239 ;       .line   84; time.c      time_secs++;
005A 2B00      00240         INCF    _time_secs, F, B
               00241 ;       .line   85; time.c      if (time_secs >= num_time_secs){
005C 0EF0      00242         MOVLW   0xf0
               00243 ; removed redundant BANKSEL
005E 5D00      00244         SUBWF   _time_secs, W, B
0060 E300      00245         BNC     _00146_DS_
               00246 ; removed redundant BANKSEL
               00247 ;       .line   86; time.c      time_secs = 0;
0062 6B00      00248         CLRF    _time_secs, B
               00249 ;       .line   91; time.c      old_time_hours = time_hours;
0064 C000 F000 00250         MOVFF   _time_hours, r0x00
               00251 ;       .line   92; time.c      old_time_mins = time_mins;
0068 C000 F000 00252         MOVFF   _time_mins, r0x01
               00253 ;       .line   93; time.c      old_time_secs = time_secs;
006C C000 F000 00254         MOVFF   _time_secs, r0x02
               00255 ;       .line   94; time.c      read_time_from_ds3231();
0070 EC00 F000 00256         CALL    _read_time_from_ds3231
0074 0000      00257         BANKSEL _time_secs
               00258 ;       .line   98; time.c      if (time_secs){
0076 5100      00259         MOVF    _time_secs, W, B
0078 E000      00260         BZ      _00137_DS_
               00261 ;       .line   99; time.c      if (time_secs > num_time_secs / 2){
007A 0E79      00262         MOVLW   0x79
               00263 ; removed redundant BANKSEL
007C 5D00      00264         SUBWF   _time_secs, W, B
007E E300      00265         BNC     _00134_DS_
0080 0000      00266         BANKSEL _time_tics
               00267 ;       .line   101; time.c     time_tics--;
0082 0700      00268         DECF    _time_tics, F, B
0084 D000      00269         BRA     _00137_DS_
0086           00270 _00134_DS_:
gpasm-0.13.4 beta               time.asm    6-24-2008  22:20:39          PAGE  6


LOC  OBJECT CODE     LINE SOURCE TEXT
  VALUE
 
0086 0000      00271         BANKSEL _time_tics
               00272 ;       .line   104; time.c     time_tics++;
0088 2B00      00273         INCF    _time_tics, F, B
008A           00274 _00137_DS_:
               00275 ;       .line   108; time.c     time_hours = old_time_hours;
008A C000 F000 00276         MOVFF   r0x00, _time_hours
               00277 ;       .line   109; time.c     time_mins = old_time_mins;
008E C000 F000 00278         MOVFF   r0x01, _time_mins
               00279 ;       .line   110; time.c     time_secs = old_time_secs;
0092 C000 F000 00280         MOVFF   r0x02, _time_secs
0096 0000      00281         BANKSEL _time_mins
               00282 ;       .line   112; time.c     time_mins++;
0098 2B00      00283         INCF    _time_mins, F, B
               00284 ;       .line   113; time.c     if (time_mins >= num_time_mins){
009A 0E3C      00285         MOVLW   0x3c
               00286 ; removed redundant BANKSEL
009C 5D00      00287         SUBWF   _time_mins, W, B
009E E300      00288         BNC     _00146_DS_
               00289 ; removed redundant BANKSEL
               00290 ;       .line   114; time.c     time_mins = 0;
00A0 6B00      00291         CLRF    _time_mins, B
               00292 ;       .line   119; time.c     save_metrics();
00A2 EC00 F000 00293         CALL    _trigger_save_eeprom
00A6 0000      00294         BANKSEL _time_hours
               00295 ;       .line   121; time.c     time_hours++;
00A8 2B00      00296         INCF    _time_hours, F, B
               00297 ;       .line   122; time.c     if (time_hours >= num_time_hours){
00AA 0E18      00298         MOVLW   0x18
               00299 ; removed redundant BANKSEL
00AC 5D00      00300         SUBWF   _time_hours, W, B
00AE E300      00301         BNC     _00146_DS_
               00302 ; removed redundant BANKSEL
               00303 ;       .line   123; time.c     time_hours = 0;
00B0 6B00      00304         CLRF    _time_hours, B
00B2           00305 _00146_DS_:
00B2 CFE4 F000 00306         MOVFF   PREINC1, r0x03
00B6 CFE4 F000 00307         MOVFF   PREINC1, r0x02
00BA CFE4 F000 00308         MOVFF   PREINC1, r0x01
00BE CFE4 F000 00309         MOVFF   PREINC1, r0x00
00C2 0012      00310         RETURN  
               00311 
               00312 ; ; Starting pCode block
               00313 S_time__clear_secs      code
0000           00314 _clear_secs:
0000 0000      00315         BANKSEL _time_secs
               00316 ;       .line   68; time.c      time_secs = 0;
0002 6B00      00317         CLRF    _time_secs, B
0004 0000      00318         BANKSEL _time_tics
               00319 ;       .line   69; time.c      time_tics = 0;
0006 6B00      00320         CLRF    _time_tics, B
               00321 ;       .line   70; time.c      write_time_to_ds3231(ds3231_write_secs);
0008 0E00      00322         MOVLW   0x00
000A 6AE5      00323         CLRF    POSTDEC1
000C EC00 F000 00324         CALL    _write_time_to_ds3231
gpasm-0.13.4 beta               time.asm    6-24-2008  22:20:39          PAGE  7


LOC  OBJECT CODE     LINE SOURCE TEXT
  VALUE
 
0010 2AE1      00325         INCF    FSR1L, F
0012 0012      00326         RETURN  
               00327 
               00328 ; ; Starting pCode block
               00329 S_time__inc_mins        code
0000           00330 _inc_mins:
0000 0000      00331         BANKSEL _time_mins
               00332 ;       .line   52; time.c      time_mins++;
0002 2B00      00333         INCF    _time_mins, F, B
               00334 ;       .line   53; time.c      if (time_mins >= num_time_mins)
0004 0E3C      00335         MOVLW   0x3c
               00336 ; removed redundant BANKSEL
0006 5D00      00337         SUBWF   _time_mins, W, B
0008 E300      00338         BNC     _00122_DS_
               00339 ; removed redundant BANKSEL
               00340 ;       .line   54; time.c      time_mins = 0;
000A 6B00      00341         CLRF    _time_mins, B
000C           00342 _00122_DS_:
               00343 ;       .line   55; time.c      write_time_to_ds3231(ds3231_write_mins);
000C 0E01      00344         MOVLW   0x01
000E 6EE5      00345         MOVWF   POSTDEC1
0010 EC00 F000 00346         CALL    _write_time_to_ds3231
0014 2AE1      00347         INCF    FSR1L, F
0016 0012      00348         RETURN  
               00349 
               00350 ; ; Starting pCode block
               00351 S_time__dec_hours       code
0000           00352 _dec_hours:
0000 0000      00353         BANKSEL _time_hours
               00354 ;       .line   45; time.c      time_hours--;
0002 0700      00355         DECF    _time_hours, F, B
               00356 ;       .line   46; time.c      if (time_hours >= num_time_hours)
0004 0E18      00357         MOVLW   0x18
               00358 ; removed redundant BANKSEL
0006 5D00      00359         SUBWF   _time_hours, W, B
0008 E300      00360         BNC     _00116_DS_
               00361 ;       .line   47; time.c      time_hours = num_time_hours - 1;
000A 0E17      00362         MOVLW   0x17
               00363 ; removed redundant BANKSEL
000C 6F00      00364         MOVWF   _time_hours, B
000E           00365 _00116_DS_:
               00366 ;       .line   48; time.c      write_time_to_ds3231(ds3231_write_hours);
000E 0E02      00367         MOVLW   0x02
0010 6EE5      00368         MOVWF   POSTDEC1
0012 EC00 F000 00369         CALL    _write_time_to_ds3231
0016 2AE1      00370         INCF    FSR1L, F
0018 0012      00371         RETURN  
               00372 
               00373 ; ; Starting pCode block
               00374 S_time__inc_hours       code
0000           00375 _inc_hours:
0000 0000      00376         BANKSEL _time_hours
               00377 ;       .line   38; time.c      time_hours++;
0002 2B00      00378         INCF    _time_hours, F, B
gpasm-0.13.4 beta               time.asm    6-24-2008  22:20:39          PAGE  8


LOC  OBJECT CODE     LINE SOURCE TEXT
  VALUE
 
               00379 ;       .line   39; time.c      if (time_hours >= num_time_hours)
0004 0E18      00380         MOVLW   0x18
               00381 ; removed redundant BANKSEL
0006 5D00      00382         SUBWF   _time_hours, W, B
0008 E300      00383         BNC     _00110_DS_
               00384 ; removed redundant BANKSEL
               00385 ;       .line   40; time.c      time_hours = 0;
000A 6B00      00386         CLRF    _time_hours, B
000C           00387 _00110_DS_:
               00388 ;       .line   41; time.c      write_time_to_ds3231(ds3231_write_hours);
000C 0E02      00389         MOVLW   0x02
000E 6EE5      00390         MOVWF   POSTDEC1
0010 EC00 F000 00391         CALL    _write_time_to_ds3231
0014 2AE1      00392         INCF    FSR1L, F
0016 0012      00393         RETURN  
               00394 
               00395 ; ; Starting pCode block
               00396 S_time__init_time       code
0000           00397 _init_time:
               00398 ;       .line   28; time.c      init_ds3231();
0000 EC00 F000 00399         CALL    _init_ds3231
               00400 ;       .line   32; time.c      delay100ktcy(1);
0004 0E01      00401         MOVLW   0x01
0006 EC00 F000 00402         CALL    _delay100ktcy
               00403 ;       .line   34; time.c      read_time_from_ds3231();
000A EC00 F000 00404         CALL    _read_time_from_ds3231
000E 0012      00405         RETURN  
               00406 
               00407 
               00408 
               00409 ; Statistics:
               00410 ; code size:      306 (0x0132) bytes ( 0.23%)
               00411 ;                 153 (0x0099) words
               00412 ; udata size:       4 (0x0004) bytes ( 6.25%)
               00413 ; access size:      4 (0x0004) bytes
               00414 
               00415 
gpasm-0.13.4 beta               time.asm    6-24-2008  22:20:39          PAGE  9


SYMBOL TABLE
  LABEL                             VALUE 

FSR1L                             00000FE1
FSR2L                             00000FD9
POSTDEC1                          00000FE5
PREINC1                           00000FE4
STATUS                            00000FD8
_00110_DS_                        0000000C
_00116_DS_                        0000000E
_00122_DS_                        0000000C
_00132_DS_                        00000058
_00134_DS_                        00000086
_00137_DS_                        0000008A
_00146_DS_                        000000B2
_00156_DS_                        0000001C
_ADCON0                           00000000
_ADCON0bits                       00000000
_ADCON1                           00000000
_ADCON1bits                       00000000
_ADCON2                           00000000
_ADCON2bits                       00000000
_ADRESH                           00000000
_ADRESL                           00000000
_BAUDCTL                          00000000
_BSR                              00000000
_CCP1CON                          00000000
_CCP1CONbits                      00000000
_CCPR1H                           00000000
_CCPR1L                           00000000
_ECCPAS                           00000000
_ECCPASbits                       00000000
_EEADR                            00000000
_EECON1                           00000000
_EECON1bits                       00000000
_EECON2                           00000000
_EEDATA                           00000000
_FSR0H                            00000000
_FSR0L                            00000000
_FSR1H                            00000000
_FSR1L                            00000000
_FSR2H                            00000000
_FSR2L                            00000000
_INDF0                            00000000
_INDF1                            00000000
_INDF2                            00000000
_INTCON                           00000000
_INTCON2                          00000000
_INTCON2bits                      00000000
_INTCON3                          00000000
_INTCON3bits                      00000000
_INTCONbits                       00000000
_IPR1                             00000000
_IPR1bits                         00000000
_IPR2                             00000000
_IPR2bits                         00000000
gpasm-0.13.4 beta               time.asm    6-24-2008  22:20:39          PAGE 10


LOC  OBJECT CODE     LINE SOURCE TEXT
  VALUE
 
_LATA                             00000000
_LATAbits                         00000000
_LATB                             00000000
_LATBbits                         00000000
_LVDCON                           00000000
_LVDCONbits                       00000000
_OSCCON                           00000000
_OSCCONbits                       00000000
_PCL                              00000000
_PCLATH                           00000000
_PCLATU                           00000000
_PIE1                             00000000
_PIE1bits                         00000000
_PIE2                             00000000
_PIE2bits                         00000000
_PIR1                             00000000
_PIR1bits                         00000000
_PIR2                             00000000
_PIR2bits                         00000000
_PLUSW0                           00000000
_PLUSW1                           00000000
_PLUSW2                           00000000
_PORTA                            00000000
_PORTAbits                        00000000
_PORTB                            00000000
_PORTBbits                        00000000
_POSTDEC0                         00000000
_POSTDEC1                         00000000
_POSTDEC2                         00000000
_POSTINC0                         00000000
_POSTINC1                         00000000
_POSTINC2                         00000000
_PR2                              00000000
_PREINC0                          00000000
_PREINC1                          00000000
_PREINC2                          00000000
_PRODH                            00000000
_PRODL                            00000000
_RCON                             00000000
_RCONbits                         00000000
_RCREG                            00000000
_RCSTA                            00000000
_RCSTAbits                        00000000
_SPBRG                            00000000
_SPBRGH                           00000000
_STATUS                           00000000
_STATUSbits                       00000000
_STKPTR                           00000000
_STKPTRbits                       00000000
_T0CON                            00000000
_T1CON                            00000000
_T1CONbits                        00000000
_T2CON                            00000000
_T2CONbits                        00000000
gpasm-0.13.4 beta               time.asm    6-24-2008  22:20:39          PAGE 11


LOC  OBJECT CODE     LINE SOURCE TEXT
  VALUE
 
_T3CON                            00000000
_T3CONbits                        00000000
_TABLAT                           00000000
_TBLPTRH                          00000000
_TBLPTRL                          00000000
_TBLPTRU                          00000000
_TMR0H                            00000000
_TMR0L                            00000000
_TMR1H                            00000000
_TMR1L                            00000000
_TMR2                             00000000
_TMR3H                            00000000
_TMR3L                            00000000
_TOSH                             00000000
_TOSL                             00000000
_TOSU                             00000000
_TRISA                            00000000
_TRISAbits                        00000000
_TRISB                            00000000
_TRISBbits                        00000000
_TXREG                            00000000
_TXSTA                            00000000
_TXSTAbits                        00000000
_WDTCON                           00000000
_WDTCONbits                       00000000
_WREG                             00000000
__18F1320                         00000001
_clear_secs                       00000000
_dec_hours                        00000000
_delay100ktcy                     00000000
_do_time                          00000000
_eeprom_data                      00000000
_inc_hours                        00000000
_inc_mins                         00000000
_init_ds3231                      00000000
_init_time                        00000000
_read_time_from_ds3231            00000000
_time_hours                       00000000
_time_mins                        00000000
_time_secs                        00000000
_time_tics                        00000000
_trigger_save_eeprom              00000000
_write_time_to_ds3231             00000000
r0x00                             00000000
r0x01                             00000001
r0x02                             00000002
r0x03                             00000003


Errors   :       0
Warnings :       0 reported,       0 suppressed
Messages :       0 reported,       0 suppressed

